FILE_TYPE=LIBRARY_PARTS;
PRIMITIVE 'SRU8043_3R9Y','SRU8043_3R9Y_Other';
  PIN
    '1':
      PIN_NUMBER='(1)';
      NO_LOAD_CHECK=BOTH;
      NO_IO_CHECK=BOTH;
      ALLOW_CONNECT=TRUE;
      PINUSE='UNSPEC';
    '2':
      PIN_NUMBER='(2)';
      NO_LOAD_CHECK=BOTH;
      NO_IO_CHECK=BOTH;
      ALLOW_CONNECT=TRUE;
      PINUSE='UNSPEC';
  END_PIN;
  BODY
    PART_NAME='SRU8043_3R9Y';
    PHYS_DES_PREFIX='L';
    NO_LOAD_CHECK='TRUE';
    PIN_COUNT='2';
    BODY_NAME='SRU8043_3R9Y';
    JEDEC_TYPE='SRU80433R9Y';
  END_BODY;
END_PRIMITIVE;
END.
